#
# There is insufficient memory for the Java Runtime Environment to continue.
# Native memory allocation (malloc) failed to allocate 1062416 bytes. Error detail: Chunk::new
# Possible reasons:
#   The system is out of physical RAM or swap space
#   This process is running with CompressedOops enabled, and the Java Heap may be blocking the growth of the native heap
# Possible solutions:
#   Reduce memory load on the system
#   Increase physical memory or swap space
#   Check if swap backing store is full
#   Decrease Java heap size (-Xmx/-Xms)
#   Decrease number of Java threads
#   Decrease Java thread stack sizes (-Xss)
#   Set larger code cache with -XX:ReservedCodeCacheSize=
#   JVM is running with Unscaled Compressed Oops mode in which the Java heap is
#     placed in the first 4GB address space. The Java Heap base address is the
#     maximum limit for the native heap growth. Please use -XX:HeapBaseMinAddress
#     to set the Java Heap base and to place the Java Heap above 4GB virtual address.
# This output file may be truncated or incomplete.
#
#  Out of Memory Error (arena.cpp:191), pid=17480, tid=23372
#
# JRE version: OpenJDK Runtime Environment Temurin-17.0.19+10 (17.0.19+10) (build 17.0.19+10)
# Java VM: OpenJDK 64-Bit Server VM Temurin-17.0.19+10 (17.0.19+10, mixed mode, sharing, tiered, compressed oops, compressed class ptrs, g1 gc, windows-amd64)
# No core dump will be written. Minidumps are not enabled by default on client versions of Windows
#

---------------  S U M M A R Y ------------

Command Line: C:\Users\LORENA\AppData\Local\Temp\surefire10239446340769643463\surefirebooter-20260531162737343_3.jar C:\Users\LORENA\AppData\Local\Temp\surefire10239446340769643463 2026-05-31T16-27-35_392-jvmRun1 surefire-20260531162737343_1tmp surefire_0-20260531162737343_2tmp

Host: AMD Ryzen 3 3250U with Radeon Graphics         , 4 cores, 3G,  Windows 11 , 64 bit Build 26100 (10.0.26100.8328)
Time: Sun May 31 16:28:03 2026 Hora est. Pacífico, Sudamérica elapsed time: 25.194147 seconds (0d 0h 0m 25s)

---------------  T H R E A D  ---------------

Current thread (0x0000023955f123a0):  JavaThread "C2 CompilerThread0" daemon [_thread_in_native, id=23372, stack(0x000000cb9df00000,0x000000cb9e000000)]


Current CompileTask:
C2:25194 3856       4       org.springframework.core.annotation.AnnotationsScanner::getDeclaredAnnotations (167 bytes)

Stack: [0x000000cb9df00000,0x000000cb9e000000]
Native frames: (J=compiled Java code, j=interpreted, Vv=VM code, C=native code)
V  [jvm.dll+0x684b29]
V  [jvm.dll+0x83a2d5]
V  [jvm.dll+0x83bd4e]
V  [jvm.dll+0x83c3d3]
V  [jvm.dll+0x24905f]
V  [jvm.dll+0xad536]
V  [jvm.dll+0xadbdc]
V  [jvm.dll+0x2b073f]
V  [jvm.dll+0x58aea5]
V  [jvm.dll+0x222fe4]
V  [jvm.dll+0x2233dd]
V  [jvm.dll+0x21c08b]
V  [jvm.dll+0x2191a2]
V  [jvm.dll+0x1a49f0]
V  [jvm.dll+0x2299fa]
V  [jvm.dll+0x227bab]
V  [jvm.dll+0x7f0a88]
V  [jvm.dll+0x7eaf1c]
V  [jvm.dll+0x6839f7]
C  [ucrtbase.dll+0x37b0]
C  [KERNEL32.DLL+0x2e957]
C  [ntdll.dll+0x427c]


---------------  P R O C E S S  ---------------

Threads class SMR info:
_java_thread_list=0x000002399d2e9710, length=15, elements={
0x000002393aeb90b0, 0x000002393af62980, 0x000002393af63fc0, 0x0000023955f0fd30,
0x0000023955f10600, 0x0000023955f10ed0, 0x0000023955f117a0, 0x0000023955f123a0,
0x0000023955f7e510, 0x0000023955f92c70, 0x000002399b1aec80, 0x000002399b1bf5f0,
0x000002399b694310, 0x000002399b52a2b0, 0x000002399dc133c0
}

Java Threads: ( => current thread )
  0x000002393aeb90b0 JavaThread "main" [_thread_in_vm, id=7548, stack(0x000000cb9d200000,0x000000cb9d300000)]
  0x000002393af62980 JavaThread "Reference Handler" daemon [_thread_blocked, id=17908, stack(0x000000cb9d900000,0x000000cb9da00000)]
  0x000002393af63fc0 JavaThread "Finalizer" daemon [_thread_blocked, id=17528, stack(0x000000cb9da00000,0x000000cb9db00000)]
  0x0000023955f0fd30 JavaThread "Signal Dispatcher" daemon [_thread_blocked, id=22892, stack(0x000000cb9db00000,0x000000cb9dc00000)]
  0x0000023955f10600 JavaThread "Attach Listener" daemon [_thread_blocked, id=14708, stack(0x000000cb9dc00000,0x000000cb9dd00000)]
  0x0000023955f10ed0 JavaThread "Service Thread" daemon [_thread_blocked, id=12092, stack(0x000000cb9dd00000,0x000000cb9de00000)]
  0x0000023955f117a0 JavaThread "Monitor Deflation Thread" daemon [_thread_blocked, id=22524, stack(0x000000cb9de00000,0x000000cb9df00000)]
=>0x0000023955f123a0 JavaThread "C2 CompilerThread0" daemon [_thread_in_native, id=23372, stack(0x000000cb9df00000,0x000000cb9e000000)]
  0x0000023955f7e510 JavaThread "C1 CompilerThread0" daemon [_thread_blocked, id=12676, stack(0x000000cb9e000000,0x000000cb9e100000)]
  0x0000023955f92c70 JavaThread "Sweeper thread" daemon [_thread_blocked, id=20176, stack(0x000000cb9e100000,0x000000cb9e200000)]
  0x000002399b1aec80 JavaThread "Notification Thread" daemon [_thread_blocked, id=1164, stack(0x000000cb9e200000,0x000000cb9e300000)]
  0x000002399b1bf5f0 JavaThread "Common-Cleaner" daemon [_thread_blocked, id=16356, stack(0x000000cb9e400000,0x000000cb9e500000)]
  0x000002399b694310 JavaThread "surefire-forkedjvm-stream-flusher" daemon [_thread_blocked, id=11980, stack(0x000000cb9e500000,0x000000cb9e600000)]
  0x000002399b52a2b0 JavaThread "surefire-forkedjvm-command-thread" daemon [_thread_in_native, id=5744, stack(0x000000cb9e600000,0x000000cb9e700000)]
  0x000002399dc133c0 JavaThread "mysql-cj-abandoned-connection-cleanup" daemon [_thread_blocked, id=17384, stack(0x000000cb9ea00000,0x000000cb9eb00000)]

Other Threads:
  0x000002393af5d220 VMThread "VM Thread" [stack: 0x000000cb9d800000,0x000000cb9d900000] [id=19232]
  0x000002399b1af160 WatcherThread [stack: 0x000000cb9e300000,0x000000cb9e400000] [id=14376]
  0x000002393aef09a0 GCTaskThread "GC Thread#0" [stack: 0x000000cb9d300000,0x000000cb9d400000] [id=20620]
  0x000002399b936c40 GCTaskThread "GC Thread#1" [stack: 0x000000cb9e700000,0x000000cb9e800000] [id=14560]
  0x000002399bbf9a50 GCTaskThread "GC Thread#2" [stack: 0x000000cb9e800000,0x000000cb9e900000] [id=14488]
  0x000002399bbf9d10 GCTaskThread "GC Thread#3" [stack: 0x000000cb9e900000,0x000000cb9ea00000] [id=8120]
  0x000002393aef8640 ConcurrentGCThread "G1 Main Marker" [stack: 0x000000cb9d400000,0x000000cb9d500000] [id=15892]
  0x000002393aef9f80 ConcurrentGCThread "G1 Conc#0" [stack: 0x000000cb9d500000,0x000000cb9d600000] [id=9956]
  0x000002393af33cc0 ConcurrentGCThread "G1 Refine#0" [stack: 0x000000cb9d600000,0x000000cb9d700000] [id=22748]
  0x000002393af34600 ConcurrentGCThread "G1 Service" [stack: 0x000000cb9d700000,0x000000cb9d800000] [id=8944]

Threads with active compile tasks:
C2 CompilerThread0  25274 3856       4       org.springframework.core.annotation.AnnotationsScanner::getDeclaredAnnotations (167 bytes)

VM state: not at safepoint (normal execution)

VM Mutex/Monitor currently owned by a thread: None

Heap address: 0x00000000c8e00000, size: 882 MB, Compressed Oops mode: 32-bit

CDS archive(s) mapped at: [0x0000023956000000-0x0000023956bb0000-0x0000023956bb0000), size 12255232, SharedBaseAddress: 0x0000023956000000, ArchiveRelocationMode: 1.
Compressed class space mapped at: 0x0000023957000000-0x0000023997000000, reserved size: 1073741824
Narrow klass base: 0x0000023956000000, Narrow klass shift: 0, Narrow klass range: 0x100000000

GC Precious Log:
 CPUs: 4 total, 4 available
 Memory: 3521M
 Large Page Support: Disabled
 NUMA Support: Disabled
 Compressed Oops: Enabled (32-bit)
 Heap Region Size: 1M
 Heap Min Capacity: 8M
 Heap Initial Capacity: 56M
 Heap Max Capacity: 882M
 Pre-touch: Disabled
 Parallel Workers: 4
 Concurrent Workers: 1
 Concurrent Refinement Workers: 4
 Periodic GC: Disabled

Heap:
 garbage-first heap   total 51200K, used 28112K [0x00000000c8e00000, 0x0000000100000000)
  region size 1024K, 13 young (13312K), 2 survivors (2048K)
 Metaspace       used 30071K, committed 30464K, reserved 1114112K
  class space    used 4030K, committed 4224K, reserved 1048576K

Heap Regions: E=young(eden), S=young(survivor), O=old, HS=humongous(starts), HC=humongous(continues), CS=collection set, F=free, OA=open archive, CA=closed archive, TAMS=top-at-mark-start (previous, next)
|   0|0x00000000c8e00000, 0x00000000c8f00000, 0x00000000c8f00000|100%|HS|  |TAMS 0x00000000c8f00000, 0x00000000c8e00000| Complete 
|   1|0x00000000c8f00000, 0x00000000c9000000, 0x00000000c9000000|100%|HS|  |TAMS 0x00000000c9000000, 0x00000000c8f00000| Complete 
|   2|0x00000000c9000000, 0x00000000c9100000, 0x00000000c9100000|100%| O|  |TAMS 0x00000000c9100000, 0x00000000c9000000| Untracked 
|   3|0x00000000c9100000, 0x00000000c9200000, 0x00000000c9200000|100%| O|  |TAMS 0x00000000c9200000, 0x00000000c9100000| Untracked 
|   4|0x00000000c9200000, 0x00000000c9300000, 0x00000000c9300000|100%| O|  |TAMS 0x00000000c9300000, 0x00000000c9200000| Untracked 
|   5|0x00000000c9300000, 0x00000000c9400000, 0x00000000c9400000|100%| O|  |TAMS 0x00000000c9400000, 0x00000000c9300000| Untracked 
|   6|0x00000000c9400000, 0x00000000c9500000, 0x00000000c9500000|100%| O|  |TAMS 0x00000000c9500000, 0x00000000c9400000| Untracked 
|   7|0x00000000c9500000, 0x00000000c9600000, 0x00000000c9600000|100%| O|  |TAMS 0x00000000c9600000, 0x00000000c9500000| Untracked 
|   8|0x00000000c9600000, 0x00000000c9700000, 0x00000000c9700000|100%| O|  |TAMS 0x00000000c9632c00, 0x00000000c9600000| Untracked 
|   9|0x00000000c9700000, 0x00000000c9700000, 0x00000000c9800000|  0%| F|  |TAMS 0x00000000c9700000, 0x00000000c9700000| Untracked 
|  10|0x00000000c9800000, 0x00000000c9900000, 0x00000000c9900000|100%| O|  |TAMS 0x00000000c9800000, 0x00000000c9800000| Untracked 
|  11|0x00000000c9900000, 0x00000000c9a00000, 0x00000000c9a00000|100%| O|  |TAMS 0x00000000c9900000, 0x00000000c9900000| Untracked 
|  12|0x00000000c9a00000, 0x00000000c9b00000, 0x00000000c9b00000|100%| O|  |TAMS 0x00000000c9a00000, 0x00000000c9a00000| Untracked 
|  13|0x00000000c9b00000, 0x00000000c9c00000, 0x00000000c9c00000|100%| O|  |TAMS 0x00000000c9b00000, 0x00000000c9b00000| Untracked 
|  14|0x00000000c9c00000, 0x00000000c9d00000, 0x00000000c9d00000|100%| O|  |TAMS 0x00000000c9c00000, 0x00000000c9c00000| Untracked 
|  15|0x00000000c9d00000, 0x00000000c9e00000, 0x00000000c9e00000|100%| O|  |TAMS 0x00000000c9d00000, 0x00000000c9d00000| Untracked 
|  16|0x00000000c9e00000, 0x00000000c9e00000, 0x00000000c9f00000|  0%| F|  |TAMS 0x00000000c9e00000, 0x00000000c9e00000| Untracked 
|  17|0x00000000c9f00000, 0x00000000c9f00000, 0x00000000ca000000|  0%| F|  |TAMS 0x00000000c9f00000, 0x00000000c9f00000| Untracked 
|  18|0x00000000ca000000, 0x00000000ca000000, 0x00000000ca100000|  0%| F|  |TAMS 0x00000000ca000000, 0x00000000ca000000| Untracked 
|  19|0x00000000ca100000, 0x00000000ca100000, 0x00000000ca200000|  0%| F|  |TAMS 0x00000000ca100000, 0x00000000ca100000| Untracked 
|  20|0x00000000ca200000, 0x00000000ca2f4600, 0x00000000ca300000| 95%| O|  |TAMS 0x00000000ca200000, 0x00000000ca200000| Untracked 
|  21|0x00000000ca300000, 0x00000000ca300000, 0x00000000ca400000|  0%| F|  |TAMS 0x00000000ca300000, 0x00000000ca300000| Untracked 
|  22|0x00000000ca400000, 0x00000000ca400000, 0x00000000ca500000|  0%| F|  |TAMS 0x00000000ca400000, 0x00000000ca400000| Untracked 
|  23|0x00000000ca500000, 0x00000000ca500000, 0x00000000ca600000|  0%| F|  |TAMS 0x00000000ca500000, 0x00000000ca500000| Untracked 
|  24|0x00000000ca600000, 0x00000000ca600000, 0x00000000ca700000|  0%| F|  |TAMS 0x00000000ca600000, 0x00000000ca600000| Untracked 
|  25|0x00000000ca700000, 0x00000000ca700000, 0x00000000ca800000|  0%| F|  |TAMS 0x00000000ca700000, 0x00000000ca700000| Untracked 
|  26|0x00000000ca800000, 0x00000000ca800000, 0x00000000ca900000|  0%| F|  |TAMS 0x00000000ca800000, 0x00000000ca800000| Untracked 
|  27|0x00000000ca900000, 0x00000000ca900000, 0x00000000caa00000|  0%| F|  |TAMS 0x00000000ca900000, 0x00000000ca900000| Untracked 
|  28|0x00000000caa00000, 0x00000000caa7fa30, 0x00000000cab00000| 49%| S|CS|TAMS 0x00000000caa00000, 0x00000000caa00000| Complete 
|  29|0x00000000cab00000, 0x00000000cac00000, 0x00000000cac00000|100%| S|CS|TAMS 0x00000000cab00000, 0x00000000cab00000| Complete 
|  30|0x00000000cac00000, 0x00000000cac00000, 0x00000000cad00000|  0%| F|  |TAMS 0x00000000cac00000, 0x00000000cac00000| Untracked 
|  31|0x00000000cad00000, 0x00000000cad00000, 0x00000000cae00000|  0%| F|  |TAMS 0x00000000cad00000, 0x00000000cad00000| Untracked 
|  32|0x00000000cae00000, 0x00000000cae00000, 0x00000000caf00000|  0%| F|  |TAMS 0x00000000cae00000, 0x00000000cae00000| Untracked 
|  33|0x00000000caf00000, 0x00000000caf00000, 0x00000000cb000000|  0%| F|  |TAMS 0x00000000caf00000, 0x00000000caf00000| Untracked 
|  34|0x00000000cb000000, 0x00000000cb000000, 0x00000000cb100000|  0%| F|  |TAMS 0x00000000cb000000, 0x00000000cb000000| Untracked 
|  35|0x00000000cb100000, 0x00000000cb100000, 0x00000000cb200000|  0%| F|  |TAMS 0x00000000cb100000, 0x00000000cb100000| Untracked 
|  36|0x00000000cb200000, 0x00000000cb200000, 0x00000000cb300000|  0%| F|  |TAMS 0x00000000cb200000, 0x00000000cb200000| Untracked 
|  37|0x00000000cb300000, 0x00000000cb300000, 0x00000000cb400000|  0%| F|  |TAMS 0x00000000cb300000, 0x00000000cb300000| Untracked 
|  38|0x00000000cb400000, 0x00000000cb4559b0, 0x00000000cb500000| 33%| E|  |TAMS 0x00000000cb400000, 0x00000000cb400000| Complete 
|  39|0x00000000cb500000, 0x00000000cb600000, 0x00000000cb600000|100%| E|CS|TAMS 0x00000000cb500000, 0x00000000cb500000| Complete 
|  40|0x00000000cb600000, 0x00000000cb700000, 0x00000000cb700000|100%| E|CS|TAMS 0x00000000cb600000, 0x00000000cb600000| Complete 
|  41|0x00000000cb700000, 0x00000000cb800000, 0x00000000cb800000|100%| E|CS|TAMS 0x00000000cb700000, 0x00000000cb700000| Complete 
|  42|0x00000000cb800000, 0x00000000cb900000, 0x00000000cb900000|100%| E|CS|TAMS 0x00000000cb800000, 0x00000000cb800000| Complete 
|  43|0x00000000cb900000, 0x00000000cba00000, 0x00000000cba00000|100%| E|CS|TAMS 0x00000000cb900000, 0x00000000cb900000| Complete 
|  44|0x00000000cba00000, 0x00000000cbb00000, 0x00000000cbb00000|100%| E|CS|TAMS 0x00000000cba00000, 0x00000000cba00000| Complete 
|  45|0x00000000cbb00000, 0x00000000cbc00000, 0x00000000cbc00000|100%| E|CS|TAMS 0x00000000cbb00000, 0x00000000cbb00000| Complete 
|  46|0x00000000cbc00000, 0x00000000cbd00000, 0x00000000cbd00000|100%| E|CS|TAMS 0x00000000cbc00000, 0x00000000cbc00000| Complete 
|  47|0x00000000cbd00000, 0x00000000cbe00000, 0x00000000cbe00000|100%| E|CS|TAMS 0x00000000cbd00000, 0x00000000cbd00000| Complete 
|  48|0x00000000cbe00000, 0x00000000cbf00000, 0x00000000cbf00000|100%| E|CS|TAMS 0x00000000cbe00000, 0x00000000cbe00000| Complete 
|  55|0x00000000cc500000, 0x00000000cc600000, 0x00000000cc600000|100%| E|CS|TAMS 0x00000000cc500000, 0x00000000cc500000| Complete 

Card table byte_map: [0x0000023951a40000,0x0000023951c00000] _byte_map_base: 0x00000239513f9000

Marking Bits (Prev, Next): (CMBitMap*) 0x000002393aef0f10, (CMBitMap*) 0x000002393aef0ed0
 Prev Bits: [0x0000023952b90000, 0x0000023953958000)
 Next Bits: [0x0000023951dc0000, 0x0000023952b88000)

Polling page: 0x0000023939210000

Metaspace:

Usage:
  Non-class:     25.43 MB used.
      Class:      3.94 MB used.
       Both:     29.37 MB used.

Virtual space:
  Non-class space:       64.00 MB reserved,      25.62 MB ( 40%) committed,  1 nodes.
      Class space:        1.00 GB reserved,       4.12 MB ( <1%) committed,  1 nodes.
             Both:        1.06 GB reserved,      29.75 MB (  3%) committed. 

Chunk freelists:
   Non-Class:  6.33 MB
       Class:  11.76 MB
        Both:  18.09 MB

MaxMetaspaceSize: unlimited
CompressedClassSpaceSize: 1.00 GB
Initial GC threshold: 21.00 MB
Current GC threshold: 35.12 MB
CDS: on
MetaspaceReclaimPolicy: balanced
 - commit_granule_bytes: 65536.
 - commit_granule_words: 8192.
 - virtual_space_node_default_size: 8388608.
 - enlarge_chunks_in_place: 1.
 - new_chunks_are_fully_committed: 0.
 - uncommit_free_chunks: 1.
 - use_allocation_guard: 0.
 - handle_deallocations: 1.


Internal statistics:

num_allocs_failed_limit: 3.
num_arena_births: 562.
num_arena_deaths: 0.
num_vsnodes_births: 2.
num_vsnodes_deaths: 0.
num_space_committed: 476.
num_space_uncommitted: 0.
num_chunks_returned_to_freelist: 3.
num_chunks_taken_from_freelist: 1675.
num_chunk_merges: 0.
num_chunk_splits: 1120.
num_chunks_enlarged: 822.
num_inconsistent_stats: 0.

CodeHeap 'non-profiled nmethods': size=120000Kb used=2096Kb max_used=2096Kb free=117903Kb
 bounds [0x000002394a510000, 0x000002394a780000, 0x0000023951a40000]
CodeHeap 'profiled nmethods': size=120000Kb used=8321Kb max_used=8321Kb free=111678Kb
 bounds [0x0000023942a40000, 0x0000023943270000, 0x0000023949f70000]
CodeHeap 'non-nmethods': size=5760Kb used=1224Kb max_used=1276Kb free=4535Kb
 bounds [0x0000023949f70000, 0x000002394a1e0000, 0x000002394a510000]
 total_blobs=4450 nmethods=3919 adapters=443
 compilation: enabled
              stopped_count=0, restarted_count=0
 full_count=0

Compilation events (20 events):
Event: 23.085 Thread 0x0000023955f7e510 nmethod 3882 0x0000023943236810 code [0x00000239432369e0, 0x0000023943236ee8]
Event: 23.086 Thread 0x0000023955f7e510 3883       3       org.springframework.core.ResolvableType::forMethodParameter (9 bytes)
Event: 23.086 Thread 0x0000023955f7e510 nmethod 3883 0x0000023943237010 code [0x00000239432371e0, 0x0000023943237578]
Event: 23.087 Thread 0x0000023955f7e510 3884       3       org.springframework.core.ResolvableType::forMethodParameter (17 bytes)
Event: 23.087 Thread 0x0000023955f7e510 nmethod 3884 0x0000023943237710 code [0x00000239432378e0, 0x0000023943237c18]
Event: 23.087 Thread 0x0000023955f7e510 3885       3       org.springframework.beans.factory.annotation.InitDestroyAnnotationBeanPostProcessor$$Lambda$1183/0x000002395740c2d8::doWith (21 bytes)
Event: 23.087 Thread 0x0000023955f7e510 nmethod 3885 0x0000023943237d90 code [0x0000023943237f40, 0x00000239432380a8]
Event: 23.087 Thread 0x0000023955f7e510 3886       3       org.springframework.beans.factory.annotation.InitDestroyAnnotationBeanPostProcessor::lambda$buildLifecycleMetadata$0 (207 bytes)
Event: 23.090 Thread 0x0000023955f7e510 nmethod 3886 0x0000023943238190 code [0x0000023943238640, 0x000002394323abd8]
Event: 23.090 Thread 0x0000023955f7e510 3887       3       org.springframework.context.annotation.CommonAnnotationBeanPostProcessor::lambda$buildResourceMetadata$1 (236 bytes)
Event: 23.093 Thread 0x0000023955f7e510 nmethod 3887 0x000002394323b790 code [0x000002394323bb00, 0x000002394323cf48]
Event: 23.093 Thread 0x0000023955f7e510 3888       3       org.springframework.core.ResolvableType::forRawClass (10 bytes)
Event: 23.093 Thread 0x0000023955f7e510 nmethod 3888 0x000002394323d610 code [0x000002394323d7c0, 0x000002394323da08]
Event: 23.093 Thread 0x0000023955f7e510 3889       3       org.springframework.core.ResolvableType$1::<init> (11 bytes)
Event: 23.093 Thread 0x0000023955f7e510 nmethod 3889 0x000002394323db10 code [0x000002394323dcc0, 0x000002394323de48]
Event: 24.134 Thread 0x0000023955f7e510 3890   !   3       java.util.jar.Attributes::read (494 bytes)
Event: 24.146 Thread 0x0000023955f7e510 nmethod 3890 0x000002394323df10 code [0x000002394323e720, 0x0000023943242808]
Event: 24.176 Thread 0x0000023955f7e510 3891   !   3       java.util.zip.ZipFile::getEntry (59 bytes)
Event: 24.176 Thread 0x0000023955f7e510 nmethod 3891 0x0000023943244190 code [0x0000023943244380, 0x00000239432447d8]
Event: 24.181 Thread 0x0000023955f7e510 3892       3       org.springframework.orm.jpa.support.PersistenceAnnotationBeanPostProcessor::lambda$buildPersistenceMetadata$1 (111 bytes)

GC Heap History (16 events):
Event: 2.023 GC heap before
{Heap before GC invocations=0 (full 0):
 garbage-first heap   total 57344K, used 15360K [0x00000000c8e00000, 0x0000000100000000)
  region size 1024K, 13 young (13312K), 0 survivors (0K)
 Metaspace       used 2864K, committed 3008K, reserved 1114112K
  class space    used 304K, committed 384K, reserved 1048576K
}
Event: 2.031 GC heap after
{Heap after GC invocations=1 (full 0):
 garbage-first heap   total 57344K, used 7280K [0x00000000c8e00000, 0x0000000100000000)
  region size 1024K, 2 young (2048K), 2 survivors (2048K)
 Metaspace       used 2864K, committed 3008K, reserved 1114112K
  class space    used 304K, committed 384K, reserved 1048576K
}
Event: 3.156 GC heap before
{Heap before GC invocations=1 (full 0):
 garbage-first heap   total 57344K, used 17520K [0x00000000c8e00000, 0x0000000100000000)
  region size 1024K, 13 young (13312K), 2 survivors (2048K)
 Metaspace       used 5608K, committed 5824K, reserved 1114112K
  class space    used 655K, committed 768K, reserved 1048576K
}
Event: 3.164 GC heap after
{Heap after GC invocations=2 (full 0):
 garbage-first heap   total 57344K, used 8542K [0x00000000c8e00000, 0x0000000100000000)
  region size 1024K, 2 young (2048K), 2 survivors (2048K)
 Metaspace       used 5608K, committed 5824K, reserved 1114112K
  class space    used 655K, committed 768K, reserved 1048576K
}
Event: 5.355 GC heap before
{Heap before GC invocations=2 (full 0):
 garbage-first heap   total 57344K, used 25950K [0x00000000c8e00000, 0x0000000100000000)
  region size 1024K, 19 young (19456K), 2 survivors (2048K)
 Metaspace       used 9802K, committed 10048K, reserved 1114112K
  class space    used 1271K, committed 1408K, reserved 1048576K
}
Event: 5.363 GC heap after
{Heap after GC invocations=3 (full 0):
 garbage-first heap   total 57344K, used 10064K [0x00000000c8e00000, 0x0000000100000000)
  region size 1024K, 3 young (3072K), 3 survivors (3072K)
 Metaspace       used 9802K, committed 10048K, reserved 1114112K
  class space    used 1271K, committed 1408K, reserved 1048576K
}
Event: 9.714 GC heap before
{Heap before GC invocations=3 (full 0):
 garbage-first heap   total 57344K, used 34640K [0x00000000c8e00000, 0x0000000100000000)
  region size 1024K, 27 young (27648K), 3 survivors (3072K)
 Metaspace       used 15608K, committed 15936K, reserved 1114112K
  class space    used 2095K, committed 2240K, reserved 1048576K
}
Event: 9.728 GC heap after
{Heap after GC invocations=4 (full 0):
 garbage-first heap   total 57344K, used 11904K [0x00000000c8e00000, 0x0000000100000000)
  region size 1024K, 4 young (4096K), 4 survivors (4096K)
 Metaspace       used 15608K, committed 15936K, reserved 1114112K
  class space    used 2095K, committed 2240K, reserved 1048576K
}
Event: 11.037 GC heap before
{Heap before GC invocations=4 (full 0):
 garbage-first heap   total 57344K, used 33408K [0x00000000c8e00000, 0x0000000100000000)
  region size 1024K, 27 young (27648K), 4 survivors (4096K)
 Metaspace       used 21094K, committed 21504K, reserved 1114112K
  class space    used 2816K, committed 3008K, reserved 1048576K
}
Event: 11.046 GC heap after
{Heap after GC invocations=5 (full 0):
 garbage-first heap   total 57344K, used 13897K [0x00000000c8e00000, 0x0000000100000000)
  region size 1024K, 4 young (4096K), 4 survivors (4096K)
 Metaspace       used 21094K, committed 21504K, reserved 1114112K
  class space    used 2816K, committed 3008K, reserved 1048576K
}
Event: 18.988 GC heap before
{Heap before GC invocations=6 (full 0):
 garbage-first heap   total 51200K, used 40521K [0x00000000c8e00000, 0x0000000100000000)
  region size 1024K, 30 young (30720K), 4 survivors (4096K)
 Metaspace       used 25383K, committed 25856K, reserved 1114112K
  class space    used 3354K, committed 3584K, reserved 1048576K
}
Event: 19.008 GC heap after
{Heap after GC invocations=7 (full 0):
 garbage-first heap   total 51200K, used 16321K [0x00000000c8e00000, 0x0000000100000000)
  region size 1024K, 4 young (4096K), 4 survivors (4096K)
 Metaspace       used 25383K, committed 25856K, reserved 1114112K
  class space    used 3354K, committed 3584K, reserved 1048576K
}
Event: 19.073 GC heap before
{Heap before GC invocations=7 (full 0):
 garbage-first heap   total 51200K, used 17345K [0x00000000c8e00000, 0x0000000100000000)
  region size 1024K, 5 young (5120K), 4 survivors (4096K)
 Metaspace       used 25421K, committed 25920K, reserved 1114112K
  class space    used 3355K, committed 3584K, reserved 1048576K
}
Event: 19.087 GC heap after
{Heap after GC invocations=8 (full 0):
 garbage-first heap   total 51200K, used 17102K [0x00000000c8e00000, 0x0000000100000000)
  region size 1024K, 1 young (1024K), 1 survivors (1024K)
 Metaspace       used 25421K, committed 25920K, reserved 1114112K
  class space    used 3355K, committed 3584K, reserved 1048576K
}
Event: 21.428 GC heap before
{Heap before GC invocations=8 (full 0):
 garbage-first heap   total 51200K, used 36558K [0x00000000c8e00000, 0x0000000100000000)
  region size 1024K, 20 young (20480K), 1 survivors (1024K)
 Metaspace       used 28193K, committed 28672K, reserved 1114112K
  class space    used 3736K, committed 3968K, reserved 1048576K
}
Event: 21.436 GC heap after
{Heap after GC invocations=9 (full 0):
 garbage-first heap   total 51200K, used 17872K [0x00000000c8e00000, 0x0000000100000000)
  region size 1024K, 2 young (2048K), 2 survivors (2048K)
 Metaspace       used 28193K, committed 28672K, reserved 1114112K
  class space    used 3736K, committed 3968K, reserved 1048576K
}

Dll operation events (9 events):
Event: 0.075 Loaded shared library C:\Program Files\Eclipse Adoptium\jdk-17.0.19.10-hotspot\bin\java.dll
Event: 0.232 Loaded shared library C:\Program Files\Eclipse Adoptium\jdk-17.0.19.10-hotspot\bin\jsvml.dll
Event: 0.540 Loaded shared library C:\Program Files\Eclipse Adoptium\jdk-17.0.19.10-hotspot\bin\net.dll
Event: 0.617 Loaded shared library C:\Program Files\Eclipse Adoptium\jdk-17.0.19.10-hotspot\bin\nio.dll
Event: 0.695 Loaded shared library C:\Program Files\Eclipse Adoptium\jdk-17.0.19.10-hotspot\bin\zip.dll
Event: 1.118 Loaded shared library C:\Program Files\Eclipse Adoptium\jdk-17.0.19.10-hotspot\bin\management.dll
Event: 1.148 Loaded shared library C:\Program Files\Eclipse Adoptium\jdk-17.0.19.10-hotspot\bin\management_ext.dll
Event: 1.284 Loaded shared library C:\Program Files\Eclipse Adoptium\jdk-17.0.19.10-hotspot\bin\jimage.dll
Event: 12.148 Loaded shared library C:\Program Files\Eclipse Adoptium\jdk-17.0.19.10-hotspot\bin\sunmscapi.dll

Deoptimization events (20 events):
Event: 24.167 Thread 0x000002399dc133c0 Uncommon trap: trap_request=0xffffff45 fr.pc=0x000002394a5ed79c relative=0x0000000000000dbc
Event: 24.167 Thread 0x000002399dc133c0 Uncommon trap: reason=unstable_if action=reinterpret pc=0x000002394a5ed79c method=java.util.zip.ZipCoder.hash(Ljava/lang/String;)I @ 11 c2
Event: 24.168 Thread 0x000002399dc133c0 DEOPT PACKING pc=0x000002394a5ed79c sp=0x000000cb9eaff170
Event: 24.169 Thread 0x000002399dc133c0 DEOPT UNPACKING pc=0x0000023949fc69a3 sp=0x000000cb9eaff020 mode 2
Event: 24.170 Thread 0x000002399dc133c0 Uncommon trap: trap_request=0xffffff45 fr.pc=0x000002394a5eba54 relative=0x0000000000000574
Event: 24.170 Thread 0x000002399dc133c0 Uncommon trap: reason=unstable_if action=reinterpret pc=0x000002394a5eba54 method=java.util.zip.ZipCoder.hash(Ljava/lang/String;)I @ 11 c2
Event: 24.170 Thread 0x000002399dc133c0 DEOPT PACKING pc=0x000002394a5eba54 sp=0x000000cb9eaff0e0
Event: 24.171 Thread 0x000002399dc133c0 DEOPT UNPACKING pc=0x0000023949fc69a3 sp=0x000000cb9eaff010 mode 2
Event: 24.171 Thread 0x000002399dc133c0 Uncommon trap: trap_request=0xffffff45 fr.pc=0x000002394a5ef71c relative=0x00000000000001fc
Event: 24.171 Thread 0x000002399dc133c0 Uncommon trap: reason=unstable_if action=reinterpret pc=0x000002394a5ef71c method=java.util.zip.ZipCoder.hash(Ljava/lang/String;)I @ 11 c2
Event: 24.171 Thread 0x000002399dc133c0 DEOPT PACKING pc=0x000002394a5ef71c sp=0x000000cb9eaff070
Event: 24.171 Thread 0x000002399dc133c0 DEOPT UNPACKING pc=0x0000023949fc69a3 sp=0x000000cb9eaff010 mode 2
Event: 24.171 Thread 0x000002399dc133c0 Uncommon trap: trap_request=0xffffff45 fr.pc=0x000002394a673cac relative=0x0000000000002d8c
Event: 24.171 Thread 0x000002399dc133c0 Uncommon trap: reason=unstable_if action=reinterpret pc=0x000002394a673cac method=java.net.URL.<init>(Ljava/net/URL;Ljava/lang/String;Ljava/net/URLStreamHandler;)V @ 57 c2
Event: 24.171 Thread 0x000002399dc133c0 DEOPT PACKING pc=0x000002394a673cac sp=0x000000cb9eaff150
Event: 24.174 Thread 0x000002399dc133c0 DEOPT UNPACKING pc=0x0000023949fc69a3 sp=0x000000cb9eaff0f0 mode 2
Event: 24.174 Thread 0x000002399dc133c0 Uncommon trap: trap_request=0xffffff45 fr.pc=0x000002394a6a0c28 relative=0x0000000000002de8
Event: 24.174 Thread 0x000002399dc133c0 Uncommon trap: reason=unstable_if action=reinterpret pc=0x000002394a6a0c28 method=java.net.URLStreamHandler.parseURL(Ljava/net/URL;Ljava/lang/String;II)V @ 57 c2
Event: 24.174 Thread 0x000002399dc133c0 DEOPT PACKING pc=0x000002394a6a0c28 sp=0x000000cb9eafefb0
Event: 24.174 Thread 0x000002399dc133c0 DEOPT UNPACKING pc=0x0000023949fc69a3 sp=0x000000cb9eafef60 mode 2

Classes loaded (20 events):
Event: 22.362 Loading class java/lang/reflect/AnnotatedParameterizedType done
Event: 22.362 Loading class sun/reflect/annotation/AnnotatedTypeFactory$AnnotatedParameterizedTypeImpl done
Event: 22.429 Loading class java/io/ObjectInputStream
Event: 22.430 Loading class java/io/ObjectInput
Event: 22.431 Loading class java/io/ObjectInput done
Event: 22.431 Loading class java/io/ObjectStreamConstants
Event: 22.431 Loading class java/io/ObjectStreamConstants done
Event: 22.431 Loading class java/io/ObjectInputStream done
Event: 22.431 Loading class java/io/ObjectOutputStream
Event: 22.432 Loading class java/io/ObjectOutput
Event: 22.433 Loading class java/io/ObjectOutput done
Event: 22.433 Loading class java/io/ObjectOutputStream done
Event: 22.603 Loading class java/text/MessageFormat
Event: 22.605 Loading class java/text/MessageFormat done
Event: 24.156 Loading class java/util/concurrent/Executors$FinalizableDelegatedExecutorService
Event: 24.157 Loading class java/util/concurrent/Executors$DelegatedExecutorService
Event: 24.158 Loading class java/util/concurrent/Executors$DelegatedExecutorService done
Event: 24.158 Loading class java/util/concurrent/Executors$FinalizableDelegatedExecutorService done
Event: 24.178 Loading class java/io/PrintWriter
Event: 24.179 Loading class java/io/PrintWriter done

Classes unloaded (0 events):
No events

Classes redefined (0 events):
No events

Internal exceptions (20 events):
Event: 9.625 Thread 0x000002393aeb90b0 Exception <a 'java/lang/NoSuchMethodError'{0x00000000cac8bcb8}: 'java.lang.Object java.lang.invoke.Invokers$Holder.invoke_MT(java.lang.Object, java.lang.Object, java.lang.Object, java.lang.Object, java.lang.Object, java.lang.Object, java.lang.Object, java.lang.Object, java.lang.Object, java.lang.Object)'> (0x00000000cac8bcb8) 
thrown [s\src\hotspot\share\interpreter\linkResolver.cpp, line 759]
Event: 9.657 Thread 0x000002393aeb90b0 Exception <a 'java/lang/NoSuchMethodError'{0x00000000cab28aa0}: 'java.lang.Object java.lang.invoke.DirectMethodHandle$Holder.newInvokeSpecial(java.lang.Object, java.lang.Object, java.lang.Object, int, java.lang.Object)'> (0x00000000cab28aa0) 
thrown [s\src\hotspot\share\interpreter\linkResolver.cpp, line 759]
Event: 9.658 Thread 0x000002393aeb90b0 Exception <a 'java/lang/NoSuchMethodError'{0x00000000cab30898}: 'java.lang.Object java.lang.invoke.Invokers$Holder.linkToTargetMethod(java.lang.Object, java.lang.Object, int, java.lang.Object, java.lang.Object)'> (0x00000000cab30898) 
thrown [s\src\hotspot\share\interpreter\linkResolver.cpp, line 759]
Event: 9.660 Thread 0x000002393aeb90b0 Exception <a 'java/lang/NoSuchMethodError'{0x00000000cab40a18}: 'java.lang.Object java.lang.invoke.DirectMethodHandle$Holder.newInvokeSpecial(java.lang.Object, int, java.lang.Object)'> (0x00000000cab40a18) 
thrown [s\src\hotspot\share\interpreter\linkResolver.cpp, line 759]
Event: 9.713 Thread 0x000002393aeb90b0 Implicit null exception at 0x000002394a60daec to 0x000002394a611778
Event: 9.857 Thread 0x000002393aeb90b0 Exception <a 'java/lang/NoSuchMethodError'{0x00000000cc4836f8}: 'java.lang.Object java.lang.invoke.DirectMethodHandle$Holder.newInvokeSpecial(java.lang.Object, long)'> (0x00000000cc4836f8) 
thrown [s\src\hotspot\share\interpreter\linkResolver.cpp, line 759]
Event: 9.907 Thread 0x000002393aeb90b0 Exception <a 'java/lang/NoSuchMethodError'{0x00000000cc338b50}: 'java.lang.Object java.lang.invoke.DirectMethodHandle$Holder.invokeSpecial(java.lang.Object, java.lang.Object, long, java.lang.Object, java.lang.Object, java.lang.Object, java.lang.Object, java.lang.Object, java.lang.Object)'> (0x00000000cc338b50) 
thrown [s\src\hotspot\share\interpreter\linkResolver.cpp, line 759]
Event: 9.910 Thread 0x000002393aeb90b0 Exception <a 'java/lang/NoSuchMethodError'{0x00000000cc33dbc8}: 'java.lang.Object java.lang.invoke.DelegatingMethodHandle$Holder.reinvoke_L(java.lang.Object, long, java.lang.Object, java.lang.Object, java.lang.Object, java.lang.Object, java.lang.Object, java.lang.Object)'> (0x00000000cc33dbc8) 
thrown [s\src\hotspot\share\interpreter\linkResolver.cpp, line 759]
Event: 10.096 Thread 0x000002393aeb90b0 Implicit null exception at 0x000002394a5da099 to 0x000002394a5da57c
Event: 10.192 Thread 0x000002393aeb90b0 Exception <a 'java/lang/IncompatibleClassChangeError'{0x00000000cc0884e0}: Found class java.lang.Object, but interface was expected> (0x00000000cc0884e0) 
thrown [s\src\hotspot\share\interpreter\linkResolver.cpp, line 826]
Event: 11.342 Thread 0x000002399c25cdf0 Exception <a 'java/lang/NoSuchMethodError'{0x00000000cbba9c28}: 'long java.lang.invoke.DirectMethodHandle$Holder.invokeSpecial(java.lang.Object, java.lang.Object)'> (0x00000000cbba9c28) 
thrown [s\src\hotspot\share\interpreter\linkResolver.cpp, line 759]
Event: 11.345 Thread 0x000002399c25cdf0 Exception <a 'java/lang/NoSuchMethodError'{0x00000000cbbb4780}: 'long java.lang.invoke.DirectMethodHandle$Holder.invokeStatic(java.lang.Object, java.lang.Object)'> (0x00000000cbbb4780) 
thrown [s\src\hotspot\share\interpreter\linkResolver.cpp, line 759]
Event: 11.345 Thread 0x000002399c25cdf0 Exception <a 'java/lang/NoSuchMethodError'{0x00000000cbbb7ad8}: 'long java.lang.invoke.DirectMethodHandle$Holder.invokeStaticInit(java.lang.Object, java.lang.Object)'> (0x00000000cbbb7ad8) 
thrown [s\src\hotspot\share\interpreter\linkResolver.cpp, line 759]
Event: 11.349 Thread 0x000002399c25cdf0 Exception <a 'java/lang/NoSuchMethodError'{0x00000000cbbc5310}: 'long java.lang.invoke.DirectMethodHandle$Holder.invokeInterface(java.lang.Object, java.lang.Object)'> (0x00000000cbbc5310) 
thrown [s\src\hotspot\share\interpreter\linkResolver.cpp, line 759]
Event: 11.350 Thread 0x000002399c25cdf0 Exception <a 'java/lang/IncompatibleClassChangeError'{0x00000000cbbc85f8}: Found class java.lang.Object, but interface was expected> (0x00000000cbbc85f8) 
thrown [s\src\hotspot\share\interpreter\linkResolver.cpp, line 826]
Event: 19.347 Thread 0x000002393aeb90b0 Exception <a 'java/lang/NoSuchMethodError'{0x00000000cbcf8838}: 'int java.lang.invoke.DirectMethodHandle$Holder.invokeSpecial(java.lang.Object, java.lang.Object, java.lang.Object, java.lang.Object, java.lang.Object, java.lang.Object)'> (0x00000000cbcf8838) 
thrown [s\src\hotspot\share\interpreter\linkResolver.cpp, line 759]
Event: 20.480 Thread 0x000002393aeb90b0 Exception <a 'java/lang/NoSuchMethodError'{0x00000000caf87010}: 'java.lang.Object java.lang.invoke.DirectMethodHandle$Holder.invokeSpecialIFC(java.lang.Object, java.lang.Object, java.lang.Object)'> (0x00000000caf87010) 
thrown [s\src\hotspot\share\interpreter\linkResolver.cpp, line 759]
Event: 22.273 Thread 0x000002393aeb90b0 Implicit null exception at 0x000002394a655d4c to 0x000002394a655efc
Event: 22.789 Thread 0x000002393aeb90b0 Exception <a 'java/lang/NoSuchMethodError'{0x00000000cb7d1b70}: 'void java.lang.invoke.DirectMethodHandle$Holder.invokeVirtual(java.lang.Object, java.lang.Object, int)'> (0x00000000cb7d1b70) 
thrown [s\src\hotspot\share\interpreter\linkResolver.cpp, line 759]
Event: 22.798 Thread 0x000002393aeb90b0 Exception <a 'java/lang/NoSuchMethodError'{0x00000000cb7fd018}: 'void java.lang.invoke.DirectMethodHandle$Holder.invokeVirtual(java.lang.Object, java.lang.Object, long)'> (0x00000000cb7fd018) 
thrown [s\src\hotspot\share\interpreter\linkResolver.cpp, line 759]

VM Operations (20 events):
Event: 20.076 Executing VM operation: ICBufferFull done
Event: 20.298 Executing VM operation: HandshakeAllThreads
Event: 20.298 Executing VM operation: HandshakeAllThreads done
Event: 20.299 Executing VM operation: HandshakeAllThreads
Event: 20.299 Executing VM operation: HandshakeAllThreads done
Event: 20.320 Executing VM operation: HandshakeAllThreads
Event: 20.320 Executing VM operation: HandshakeAllThreads done
Event: 20.323 Executing VM operation: HandshakeAllThreads
Event: 20.323 Executing VM operation: HandshakeAllThreads done
Event: 20.549 Executing VM operation: HandshakeAllThreads
Event: 20.549 Executing VM operation: HandshakeAllThreads done
Event: 21.428 Executing VM operation: G1CollectForAllocation
Event: 21.436 Executing VM operation: G1CollectForAllocation done
Event: 22.451 Executing VM operation: Cleanup
Event: 22.451 Executing VM operation: Cleanup done
Event: 23.464 Executing VM operation: Cleanup
Event: 23.464 Executing VM operation: Cleanup done
Event: 24.158 Executing VM operation: HandshakeAllThreads
Event: 24.158 Executing VM operation: HandshakeAllThreads done
Event: 25.171 Executing VM operation: Cleanup

Memory protections (0 events):
No events

Nmethod flushes (0 events):
No events

Events (19 events):
Event: 0.235 Thread 0x000002393aeb90b0 Thread added: 0x000002393aeb90b0
Event: 0.282 Thread 0x000002393aeb90b0 Thread added: 0x000002393af62980
Event: 0.283 Thread 0x000002393aeb90b0 Thread added: 0x000002393af63fc0
Event: 0.339 Thread 0x000002393aeb90b0 Thread added: 0x0000023955f0fd30
Event: 0.340 Thread 0x000002393aeb90b0 Thread added: 0x0000023955f10600
Event: 0.340 Thread 0x000002393aeb90b0 Thread added: 0x0000023955f10ed0
Event: 0.340 Thread 0x000002393aeb90b0 Thread added: 0x0000023955f117a0
Event: 0.341 Thread 0x000002393aeb90b0 Thread added: 0x0000023955f123a0
Event: 0.350 Thread 0x000002393aeb90b0 Thread added: 0x0000023955f7e510
Event: 0.367 Thread 0x000002393aeb90b0 Thread added: 0x0000023955f92c70
Event: 0.446 Thread 0x000002393aeb90b0 Thread added: 0x000002399b1aec80
Event: 0.454 Thread 0x000002393aeb90b0 Thread added: 0x000002399b1bf5f0
Event: 1.655 Thread 0x000002393aeb90b0 Thread added: 0x000002399b694310
Event: 1.682 Thread 0x000002393aeb90b0 Thread added: 0x000002399b52a2b0
Event: 10.090 Thread 0x000002393aeb90b0 Thread added: 0x000002399c25cdf0
Event: 11.861 Thread 0x000002393aeb90b0 Thread added: 0x000002399c25b4a0
Event: 12.424 Thread 0x000002399c25b4a0 Thread exited: 0x000002399c25b4a0
Event: 13.317 Thread 0x000002399c25cdf0 Thread exited: 0x000002399c25cdf0
Event: 24.161 Thread 0x000002393aeb90b0 Thread added: 0x000002399dc133c0


Dynamic libraries:
0x00007ff6309b0000 - 0x00007ff6309be000 	C:\Program Files\Eclipse Adoptium\jdk-17.0.19.10-hotspot\bin\java.exe
0x00007ffa3fe00000 - 0x00007ffa40067000 	C:\WINDOWS\SYSTEM32\ntdll.dll
0x00007ffa3ea60000 - 0x00007ffa3eb29000 	C:\WINDOWS\System32\KERNEL32.DLL
0x00007ffa3d330000 - 0x00007ffa3d727000 	C:\WINDOWS\System32\KERNELBASE.dll
0x00007ffa3d150000 - 0x00007ffa3d29b000 	C:\WINDOWS\System32\ucrtbase.dll
0x00007ff9f6ee0000 - 0x00007ff9f6ef8000 	C:\Program Files\Eclipse Adoptium\jdk-17.0.19.10-hotspot\bin\jli.dll
0x00007ffa3ebc0000 - 0x00007ffa3ed86000 	C:\WINDOWS\System32\USER32.dll
0x00007ffa3da90000 - 0x00007ffa3dab7000 	C:\WINDOWS\System32\win32u.dll
0x00007ffa3fd90000 - 0x00007ffa3fdbb000 	C:\WINDOWS\System32\GDI32.dll
0x00007ffa3d7e0000 - 0x00007ffa3d90c000 	C:\WINDOWS\System32\gdi32full.dll
0x00007ffa3d730000 - 0x00007ffa3d7d3000 	C:\WINDOWS\System32\msvcp_win.dll
0x00007ff9f2bb0000 - 0x00007ff9f2bce000 	C:\Program Files\Eclipse Adoptium\jdk-17.0.19.10-hotspot\bin\VCRUNTIME140.dll
0x00007ffa1d260000 - 0x00007ffa1d4f2000 	C:\WINDOWS\WinSxS\amd64_microsoft.windows.common-controls_6595b64144ccf1df_6.0.26100.8457_none_3e0b2faee331e92d\COMCTL32.dll
0x00007ffa3e370000 - 0x00007ffa3e419000 	C:\WINDOWS\System32\msvcrt.dll
0x00007ffa3ede0000 - 0x00007ffa3ee12000 	C:\WINDOWS\System32\IMM32.DLL
0x00007ffa106e0000 - 0x00007ffa106ec000 	C:\Program Files\Eclipse Adoptium\jdk-17.0.19.10-hotspot\bin\vcruntime140_1.dll
0x00007ff9eb450000 - 0x00007ff9eb4dd000 	C:\Program Files\Eclipse Adoptium\jdk-17.0.19.10-hotspot\bin\msvcp140.dll
0x00007ff948170000 - 0x00007ff948ddc000 	C:\Program Files\Eclipse Adoptium\jdk-17.0.19.10-hotspot\bin\server\jvm.dll
0x00007ffa3fcd0000 - 0x00007ffa3fd86000 	C:\WINDOWS\System32\ADVAPI32.dll
0x00007ffa3e510000 - 0x00007ffa3e5b7000 	C:\WINDOWS\System32\sechost.dll
0x00007ffa3e940000 - 0x00007ffa3ea58000 	C:\WINDOWS\System32\RPCRT4.dll
0x00007ffa3eb30000 - 0x00007ffa3ebb0000 	C:\WINDOWS\System32\WS2_32.dll
0x00007ffa3c690000 - 0x00007ffa3c6ee000 	C:\WINDOWS\SYSTEM32\POWRPROF.dll
0x00007ffa36e70000 - 0x00007ffa36ea6000 	C:\WINDOWS\SYSTEM32\WINMM.dll
0x00007ffa36eb0000 - 0x00007ffa36ebb000 	C:\WINDOWS\SYSTEM32\VERSION.dll
0x00007ffa3c670000 - 0x00007ffa3c684000 	C:\WINDOWS\SYSTEM32\UMPDC.dll
0x00007ffa3b5c0000 - 0x00007ffa3b5db000 	C:\WINDOWS\SYSTEM32\kernel.appcore.dll
0x00007ffa005b0000 - 0x00007ffa005ba000 	C:\Program Files\Eclipse Adoptium\jdk-17.0.19.10-hotspot\bin\jimage.dll
0x00007ffa3a8a0000 - 0x00007ffa3aae2000 	C:\WINDOWS\SYSTEM32\DBGHELP.DLL
0x00007ffa3db90000 - 0x00007ffa3df13000 	C:\WINDOWS\System32\combase.dll
0x00007ffa3df50000 - 0x00007ffa3e029000 	C:\WINDOWS\System32\OLEAUT32.dll
0x00007ffa2c570000 - 0x00007ffa2c5ab000 	C:\WINDOWS\SYSTEM32\dbgcore.DLL
0x00007ffa3c830000 - 0x00007ffa3c8d8000 	C:\WINDOWS\System32\bcryptPrimitives.dll
0x00007ff9f0b40000 - 0x00007ff9f0b65000 	C:\Program Files\Eclipse Adoptium\jdk-17.0.19.10-hotspot\bin\java.dll
0x00007ff9e9d00000 - 0x00007ff9e9dd7000 	C:\Program Files\Eclipse Adoptium\jdk-17.0.19.10-hotspot\bin\jsvml.dll
0x00007ffa3eea0000 - 0x00007ffa3f60e000 	C:\WINDOWS\System32\SHELL32.dll
0x00007ffa3c8e0000 - 0x00007ffa3d14c000 	C:\WINDOWS\System32\windows.storage.dll
0x00007ffa3fb60000 - 0x00007ffa3fc56000 	C:\WINDOWS\System32\SHCORE.dll
0x00007ffa3e420000 - 0x00007ffa3e486000 	C:\WINDOWS\System32\shlwapi.dll
0x00007ffa3c750000 - 0x00007ffa3c779000 	C:\WINDOWS\SYSTEM32\profapi.dll
0x00007ff9f2b90000 - 0x00007ff9f2baa000 	C:\Program Files\Eclipse Adoptium\jdk-17.0.19.10-hotspot\bin\net.dll
0x00007ffa30330000 - 0x00007ffa30459000 	C:\WINDOWS\SYSTEM32\WINHTTP.dll
0x00007ffa3bb30000 - 0x00007ffa3bb9c000 	C:\WINDOWS\system32\mswsock.dll
0x00007ff9ed660000 - 0x00007ff9ed676000 	C:\Program Files\Eclipse Adoptium\jdk-17.0.19.10-hotspot\bin\nio.dll
0x00007ff9ed640000 - 0x00007ff9ed658000 	C:\Program Files\Eclipse Adoptium\jdk-17.0.19.10-hotspot\bin\zip.dll
0x00007ff9fd050000 - 0x00007ff9fd05a000 	C:\Program Files\Eclipse Adoptium\jdk-17.0.19.10-hotspot\bin\management.dll
0x00007ff9f7d20000 - 0x00007ff9f7d2c000 	C:\Program Files\Eclipse Adoptium\jdk-17.0.19.10-hotspot\bin\management_ext.dll
0x00007ffa3e190000 - 0x00007ffa3e198000 	C:\WINDOWS\System32\PSAPI.DLL
0x00007ff9fd130000 - 0x00007ff9fd13e000 	C:\Program Files\Eclipse Adoptium\jdk-17.0.19.10-hotspot\bin\sunmscapi.dll
0x00007ffa3d910000 - 0x00007ffa3da88000 	C:\WINDOWS\System32\CRYPT32.dll
0x00007ffa3c030000 - 0x00007ffa3c060000 	C:\WINDOWS\SYSTEM32\ncrypt.dll
0x00007ffa3bfe0000 - 0x00007ffa3c01f000 	C:\WINDOWS\SYSTEM32\NTASN1.dll

dbghelp: loaded successfully - version: 4.0.5 - missing functions: none
symbol engine: initialized successfully - sym options: 0x614 - pdb path: .;C:\Program Files\Eclipse Adoptium\jdk-17.0.19.10-hotspot\bin;C:\WINDOWS\SYSTEM32;C:\WINDOWS\WinSxS\amd64_microsoft.windows.common-controls_6595b64144ccf1df_6.0.26100.8457_none_3e0b2faee331e92d;C:\Program Files\Eclipse Adoptium\jdk-17.0.19.10-hotspot\bin\server

VM Arguments:
java_command: C:\Users\LORENA\AppData\Local\Temp\surefire10239446340769643463\surefirebooter-20260531162737343_3.jar C:\Users\LORENA\AppData\Local\Temp\surefire10239446340769643463 2026-05-31T16-27-35_392-jvmRun1 surefire-20260531162737343_1tmp surefire_0-20260531162737343_2tmp
java_class_path (initial): C:\Users\LORENA\AppData\Local\Temp\surefire10239446340769643463\surefirebooter-20260531162737343_3.jar
Launcher Type: SUN_STANDARD

[Global flags]
     intx CICompilerCount                          = 3                                         {product} {ergonomic}
     uint ConcGCThreads                            = 1                                         {product} {ergonomic}
     uint G1ConcRefinementThreads                  = 4                                         {product} {ergonomic}
   size_t G1HeapRegionSize                         = 1048576                                   {product} {ergonomic}
    uintx GCDrainStackTargetSize                   = 64                                        {product} {ergonomic}
   size_t InitialHeapSize                          = 58720256                                  {product} {ergonomic}
   size_t MarkStackSize                            = 4194304                                   {product} {ergonomic}
   size_t MaxHeapSize                              = 924844032                                 {product} {ergonomic}
   size_t MaxNewSize                               = 554696704                                 {product} {ergonomic}
   size_t MinHeapDeltaBytes                        = 1048576                                   {product} {ergonomic}
   size_t MinHeapSize                              = 8388608                                   {product} {ergonomic}
    uintx NonNMethodCodeHeapSize                   = 5832780                                {pd product} {ergonomic}
    uintx NonProfiledCodeHeapSize                  = 122912730                              {pd product} {ergonomic}
    uintx ProfiledCodeHeapSize                     = 122912730                              {pd product} {ergonomic}
    uintx ReservedCodeCacheSize                    = 251658240                              {pd product} {ergonomic}
     bool SegmentedCodeCache                       = true                                      {product} {ergonomic}
   size_t SoftMaxHeapSize                          = 924844032                              {manageable} {ergonomic}
     bool UseCompressedClassPointers               = true                           {product lp64_product} {ergonomic}
     bool UseCompressedOops                        = true                           {product lp64_product} {ergonomic}
     bool UseG1GC                                  = true                                      {product} {ergonomic}
     bool UseLargePagesIndividualAllocation        = false                                  {pd product} {ergonomic}

Logging:
Log output configuration:
 #0: stdout all=warning uptime,level,tags
 #1: stderr all=off uptime,level,tags

Environment Variables:
JAVA_HOME=C:\Program Files\Eclipse Adoptium\jdk-17.0.19.10-hotspot
PATH=C:\Program Files\Eclipse Adoptium\jdk-17.0.19.10-hotspot\bin;C:\Program Files\Common Files\Oracle\Java\javapath;C:\WINDOWS\system32;C:\WINDOWS;C:\WINDOWS\System32\Wbem;C:\WINDOWS\System32\WindowsPowerShell\v1.0\;C:\WINDOWS\System32\OpenSSH\;C:\Users\LORENA\AppData\Local\Microsoft\WindowsApps;C:\adb;C:\WINDOWS\system32;C:\WINDOWS;C:\WINDOWS\System32\Wbem;C:\WINDOWS\System32\WindowsPowerShell\v1.0\;C:\WINDOWS\System32\OpenSSH\;C:\Program Files\Git\cmd;C:\Users\LORENA\AppData\Local\Microsoft\WindowsApps;C:\Users\LORENA\AppData\Local\Programs\Microsoft VS Code\bin;C:\Program Files\MongoDB\Server\8.2\bin
USERNAME=LORENA
OS=Windows_NT
PROCESSOR_IDENTIFIER=AMD64 Family 23 Model 24 Stepping 1, AuthenticAMD
TMP=C:\Users\LORENA\AppData\Local\Temp
TEMP=C:\Users\LORENA\AppData\Local\Temp



Periodic native trim disabled


---------------  S Y S T E M  ---------------

OS:
 Windows 11 , 64 bit Build 26100 (10.0.26100.8328)
OS uptime: 11 days 22:28 hours

CPU: total 4 (initial active 4) (4 cores per cpu, 2 threads per core) family 23 model 24 stepping 1 microcode 0x8108109, cx8, cmov, fxsr, ht, mmx, 3dnowpref, sse, sse2, sse3, ssse3, sse4a, sse4.1, sse4.2, popcnt, lzcnt, tsc, tscinvbit, avx, avx2, aes, clmul, bmi1, bmi2, adx, sha, fma, vzeroupper, clflush, clflushopt
Processor Information for all 4 processors :
  Max Mhz: 2600, Current Mhz: 2600, Mhz Limit: 2600

Memory: 4k page, system-wide physical 3521M (269M free)
TotalPageFile size 14273M (AvailPageFile size 0M)
current process WorkingSet (physical memory assigned to process): 135M, peak: 145M
current process commit charge ("private bytes"): 197M, peak: 200M

vm_info: OpenJDK 64-Bit Server VM (17.0.19+10) for windows-amd64 JRE (17.0.19+10), built on Apr 25 2026 08:04:44 by "admin" with MS VC++ 17.12 (VS2022)

END.
